#-----------------------------------------------------------
# xsim v2023.2.2 (64-bit)
# SW Build 4126759 on Thu Feb  8 23:52:05 MST 2024
# IP Build 4126054 on Fri Feb  9 11:39:09 MST 2024
# SharedData Build 4115275 on Tue Jan 30 00:40:57 MST 2024
# Start of session at: Wed Feb 28 07:19:18 2024
# Process ID: 93061
# Current directory: /home/omerfaruk/Projects/okul/denem6/denem6/solution1/sim/verilog
# Command line: xsim -source {xsim.dir/hart/xsim_script.tcl}
# Log file: /home/omerfaruk/Projects/okul/denem6/denem6/solution1/sim/verilog/xsim.log
# Journal file: /home/omerfaruk/Projects/okul/denem6/denem6/solution1/sim/verilog/xsim.jou
# Running On: DarkChocolate, OS: Linux, CPU Frequency: 999.968 MHz, CPU Physical cores: 4, Host memory: 16509 MB
#-----------------------------------------------------------
start_gui
source xsim.dir/hart/xsim_script.tcl
open_wave_config hart_dataflow_ana.wcfg
source hart.tcl
export_ip_user_files -no_script -force
export_simulation  -export_source_files -directory "/home/omerfaruk/Projects/okul/denem6/RTLSIM" -simulator xsim
run all
